// Jest Snapshot v1, https://goo.gl/fbAQLP

exports[`CarouselSlide renders correctly 1`] = `
<figure>
  <CarouselSlide__DefaultImg
    imgHeight={500}
    src="https://example.com/default.jpg"
  />
  <figcaption>
    <strong>
      Description
    </strong>
     
    Attribution
  </figcaption>
</figure>
`;

exports[`Img rendes correctly 1`] = `
.c0 {
  object-fit: contain;
  width: 100%;
  height: 500px;
}

<img
  className="c0"
  src="https://example.com/default.jpg"
/>
`;
